// Jest Snapshot v1, https://goo.gl/fbAQLP

exports[`Refresh matches snapshot 1`] = `
<Refresh
  onClick={[Function]}
  time="12:00"
>
  <section
    className="refresh  "
  >
    <span
      className="refresh__time"
    >
      12:00
    </span>
    <button
      aria-label="Refresh content"
      className="button-refresh"
      onClick={[Function]}
      onMouseDown={[Function]}
      onMouseUp={[Function]}
      onTouchEnd={[Function]}
      onTouchStart={[Function]}
      type="button"
    >
      <svg
        viewBox="0 0 96 96"
      >
        <path
          d="M48 15.5c-8.8 0-17 3.5-23 9.5l-6.3-6.3v19.5h19.5l-8.6-8.6C34.4 24.8 40.9 22 48 22c14.3 0 26 11.7 26 26S62.3 74 48 74 22 62.3 22 48h-6.5c0 17.9 14.6 32.5 32.5 32.5S80.5 65.9 80.5 48 65.9 15.5 48 15.5z"
        />
      </svg>
    </button>
  </section>
</Refresh>
`;
